
Map of Debug\encoder.sm8 from link file Debug\encoder.lkf - Mon Feb 14 21:50:29 2022


                               --------
                               Segments
                               --------

start 00008080 end 000081aa length   298 segment .const
start 000081be end 00009e0b length  7245 segment .text
start 00004000 end 00004000 length     0 segment .eeprom
start 00000000 end 0000000c length    12 segment .bsct, initialized
start 000081b2 end 000081be length    12 segment .bsct, from
start 0000000c end 00000016 length    10 segment .ubsct
start 00000016 end 00000016 length     0 segment .bit
start 00000016 end 00000016 length     0 segment .share
start 00000100 end 00000100 length     0 segment .data
start 00000100 end 00000100 length     0 segment .bss
start 00000000 end 00001512 length  5394 segment .info.
start 00000000 end 00016ea7 length 93863 segment .debug
start 00008000 end 00008080 length   128 segment .const
start 000081aa end 000081b2 length     8 segment .init


                               -------
                               Modules
                               -------

C:\Program Files (x86)\COSMIC\FSE_Compilers\CXSTM8\lib\crtsi0.sm8:
start 000081be end 0000820e length    80 section .text
start 00000100 end 00000100 length     0 section .bss
start 0000000c end 0000000c length     0 section .ubsct
start 00000000 end 00000034 length    52 section .info.

Debug\main.o:
start 0000820e end 00008457 length   585 section .text
start 00000000 end 0000000a length    10 section .bsct
start 00000000 end 000002dd length   733 section .debug
start 00000034 end 000000b0 length   124 section .info.
start 00008080 end 0000809a length    26 section .const

Debug\milis.o:
start 00008457 end 000084d2 length   123 section .text
start 0000000a end 0000000c length     2 section .bsct
start 000002dd end 000004cb length   494 section .debug
start 000000b0 end 0000012d length   125 section .info.

Debug\spse_stm8.o:
start ******** end ******** length     0 section .text *** removed ***
start 000004cb end 00000897 length   972 section .debug
start 0000012d end 000001ae length   129 section .info.

Debug\stm8_hd44780.o:
start 000084d2 end 00008896 length   964 section .text
start 00000897 end 00000eae length  1559 section .debug
start 000001ae end 00000232 length   132 section .info.

Debug\stm8s_adc2.o:
start ******** end ******** length     0 section .text *** removed ***
start 00000eae end 00001dcb length  3869 section .debug
start 00000232 end 000002b4 length   130 section .info.
start ******** end ******** length     0 section .const *** removed ***

Debug\stm8s_awu.o:
start ******** end ******** length     0 section .text *** removed ***
start 00001dcb end 0000238a length  1471 section .debug
start 000002b4 end 00000335 length   129 section .info.
start ******** end ******** length     0 section .const *** removed ***

Debug\stm8s_beep.o:
start ******** end ******** length     0 section .text *** removed ***
start 0000238a end 00002665 length   731 section .debug
start 00000335 end 000003b7 length   130 section .info.
start ******** end ******** length     0 section .const *** removed ***

Debug\stm8s_can.o:
start ******** end ******** length     0 section .text *** removed ***
start ******** end ******** length     0 section .bsct *** removed ***
start 00002665 end 00004dba length 10069 section .debug
start 000003b7 end 00000438 length   129 section .info.
start ******** end ******** length     0 section .const *** removed ***

Debug\stm8s_clk.o:
start 00008896 end 00008f9c length  1798 section .text
start 00004dba end 00006429 length  5743 section .debug
start 00000438 end 000004b9 length   129 section .info.
start 0000809a end 000080b6 length    28 section .const

Debug\stm8s_exti.o:
start ******** end ******** length     0 section .text *** removed ***
start 00006429 end 000068b8 length  1167 section .debug
start 000004b9 end 0000053b length   130 section .info.
start ******** end ******** length     0 section .const *** removed ***

Debug\stm8s_flash.o:
start ******** end ******** length     0 section .text *** removed ***
start 000068b8 end 000076e8 length  3632 section .debug
start 0000053b end 000005be length   131 section .info.
start ******** end ******** length     0 section .const *** removed ***

Debug\stm8s_gpio.o:
start 00008f9c end 000090f8 length   348 section .text
start 000076e8 end 000080f2 length  2570 section .debug
start 000005be end 00000640 length   130 section .info.
start 000080b6 end 000080c7 length    17 section .const

Debug\stm8s_i2c.o:
start ******** end ******** length     0 section .text *** removed ***
start 000080f2 end 00009693 length  5537 section .debug
start 00000640 end 000006c1 length   129 section .info.
start ******** end ******** length     0 section .const *** removed ***

Debug\stm8s_it.o:
start 000090f8 end 00009112 length    26 section .text
start 00009693 end 00009e20 length  1933 section .debug
start 000006c1 end 00000741 length   128 section .info.

Debug\stm8s_itc.o:
start 00009112 end 000092db length   457 section .text
start 00009e20 end 0000a4a7 length  1671 section .debug
start 00000741 end 000007c2 length   129 section .info.
start 000080c7 end 0000813b length   116 section .const

Debug\stm8s_iwdg.o:
start ******** end ******** length     0 section .text *** removed ***
start 0000a4a7 end 0000a849 length   930 section .debug
start 000007c2 end 00000844 length   130 section .info.
start ******** end ******** length     0 section .const *** removed ***

Debug\stm8s_rst.o:
start ******** end ******** length     0 section .text *** removed ***
start 0000a849 end 0000aa78 length   559 section .debug
start 00000844 end 000008c5 length   129 section .info.
start ******** end ******** length     0 section .const *** removed ***

Debug\stm8s_spi.o:
start ******** end ******** length     0 section .text *** removed ***
start 0000aa78 end 0000b9b4 length  3900 section .debug
start 000008c5 end 00000946 length   129 section .info.
start ******** end ******** length     0 section .const *** removed ***

Debug\stm8s_tim1.o:
start ******** end ******** length     0 section .text *** removed ***
start 0000b9b4 end 0000f93e length 16266 section .debug
start 00000946 end 000009c8 length   130 section .info.
start ******** end ******** length     0 section .const *** removed ***

Debug\stm8s_tim2.o:
start ******** end ******** length     0 section .text *** removed ***
start 0000f93e end 00011c52 length  8980 section .debug
start 000009c8 end 00000a4a length   130 section .info.
start ******** end ******** length     0 section .const *** removed ***

Debug\stm8s_tim3.o:
start ******** end ******** length     0 section .text *** removed ***
start 00011c52 end 00013a6c length  7706 section .debug
start 00000a4a end 00000acc length   130 section .info.
start ******** end ******** length     0 section .const *** removed ***

Debug\stm8s_tim4.o:
start 000092db end 000095a2 length   711 section .text
start 00013a6c end 00014623 length  2999 section .debug
start 00000acc end 00000b4e length   130 section .info.
start 0000813b end 0000814c length    17 section .const

Debug\stm8s_uart1.o:
start ******** end ******** length     0 section .text *** removed ***
start 00014623 end 00015a0f length  5100 section .debug
start 00000b4e end 00000bd1 length   131 section .info.
start ******** end ******** length     0 section .const *** removed ***

Debug\stm8s_uart3.o:
start ******** end ******** length     0 section .text *** removed ***
start 00015a0f end 00016b3b length  4396 section .debug
start 00000bd1 end 00000c54 length   131 section .info.
start ******** end ******** length     0 section .const *** removed ***

Debug\stm8s_wwdg.o:
start ******** end ******** length     0 section .text *** removed ***
start 00016b3b end 00016d81 length   582 section .debug
start 00000c54 end 00000cd6 length   130 section .info.
start ******** end ******** length     0 section .const *** removed ***

(C:\Program Files (x86)\COSMIC\FSE_Compilers\CXSTM8\lib\libis0.sm8)sprnt.o:
start 000095a2 end 000095b6 length    20 section .text
start 00000cd6 end 00000d47 length   113 section .info.

(C:\Program Files (x86)\COSMIC\FSE_Compilers\CXSTM8\lib\libis0.sm8)cprint.o:
start 000095b6 end 00009b10 length  1370 section .text
start 00000d47 end 00000db9 length   114 section .info.
start 0000814c end 00008185 length    57 section .const

(C:\Program Files (x86)\COSMIC\FSE_Compilers\CXSTM8\lib\libis0.sm8)itob.o:
start 00009b10 end 00009c20 length   272 section .text
start 00000db9 end 00000e29 length   112 section .info.
start 00008185 end 000081aa length    37 section .const

(C:\Program Files (x86)\COSMIC\FSE_Compilers\CXSTM8\lib\libis0.sm8)idiv0.o:
start 00009c20 end 00009c2b length    11 section .text
start 00000e29 end 00000e56 length    45 section .info.

(C:\Program Files (x86)\COSMIC\FSE_Compilers\CXSTM8\lib\libis0.sm8)ildiv0.o:
start 00009c2b end 00009c46 length    27 section .text
start 00000e56 end 00000e84 length    46 section .info.

(C:\Program Files (x86)\COSMIC\FSE_Compilers\CXSTM8\lib\libis0.sm8)putchr.o:
start 00009c46 end 00009c49 length     3 section .text
start 00000e84 end 00000ef6 length   114 section .info.

(C:\Program Files (x86)\COSMIC\FSE_Compilers\CXSTM8\lib\libis0.sm8)strlen0.o:
start 00009c49 end 00009c55 length    12 section .text
start 00000ef6 end 00000f25 length    47 section .info.

(C:\Program Files (x86)\COSMIC\FSE_Compilers\CXSTM8\lib\libis0.sm8)toup0.o:
start 00009c55 end 00009c60 length    11 section .text
start 00000f25 end 00000f52 length    45 section .info.

(C:\Program Files (x86)\COSMIC\FSE_Compilers\CXSTM8\lib\libm0.sm8)bmulx.o:
start 00009c60 end 00009c6e length    14 section .text
start 00000f52 end 00000f82 length    48 section .info.

(C:\Program Files (x86)\COSMIC\FSE_Compilers\CXSTM8\lib\libm0.sm8)cmulx.o:
start ******** end ******** length     0 section .text *** removed ***
start 00000f82 end 00000fb2 length    48 section .info.

(C:\Program Files (x86)\COSMIC\FSE_Compilers\CXSTM8\lib\libm0.sm8)ldiv.o:
start 00009c6e end 00009d59 length   235 section .text
start 00000fb2 end 00000fe1 length    47 section .info.

(C:\Program Files (x86)\COSMIC\FSE_Compilers\CXSTM8\lib\libm0.sm8)imul.o:
start ******** end ******** length     0 section .text *** removed ***
start 00000fe1 end 00001010 length    47 section .info.

(C:\Program Files (x86)\COSMIC\FSE_Compilers\CXSTM8\lib\libm0.sm8)ladd.o:
start ******** end ******** length     0 section .text *** removed ***
start 00001010 end 0000103f length    47 section .info.

(C:\Program Files (x86)\COSMIC\FSE_Compilers\CXSTM8\lib\libm0.sm8)lcmp.o:
start 00009d59 end 00009d79 length    32 section .text
start 0000103f end 0000106e length    47 section .info.

(C:\Program Files (x86)\COSMIC\FSE_Compilers\CXSTM8\lib\libm0.sm8)lgadd.o:
start ******** end ******** length     0 section .text *** removed ***
start 0000106e end 0000109e length    48 section .info.

(C:\Program Files (x86)\COSMIC\FSE_Compilers\CXSTM8\lib\libm0.sm8)lgneg.o:
start 00009d79 end 00009d8c length    19 section .text
start 0000109e end 000010ce length    48 section .info.

(C:\Program Files (x86)\COSMIC\FSE_Compilers\CXSTM8\lib\libm0.sm8)lgursh.o:
start ******** end ******** length     0 section .text *** removed ***
start 000010ce end 000010ff length    49 section .info.

(C:\Program Files (x86)\COSMIC\FSE_Compilers\CXSTM8\lib\libm0.sm8)llsh.o:
start ******** end ******** length     0 section .text *** removed ***
start 000010ff end 0000112e length    47 section .info.

(C:\Program Files (x86)\COSMIC\FSE_Compilers\CXSTM8\lib\libm0.sm8)lmul.o:
start ******** end ******** length     0 section .text *** removed ***
start 0000112e end 0000115d length    47 section .info.

(C:\Program Files (x86)\COSMIC\FSE_Compilers\CXSTM8\lib\libm0.sm8)lneg.o:
start 00009d8c end 00009da1 length    21 section .text
start 0000115d end 0000118c length    47 section .info.

(C:\Program Files (x86)\COSMIC\FSE_Compilers\CXSTM8\lib\libm0.sm8)lor.o:
start ******** end ******** length     0 section .text *** removed ***
start 0000118c end 000011ba length    46 section .info.

(C:\Program Files (x86)\COSMIC\FSE_Compilers\CXSTM8\lib\libm0.sm8)lreg.o:
start 0000000c end 00000010 length     4 section .ubsct
start 000011ba end 000011e9 length    47 section .info.

(C:\Program Files (x86)\COSMIC\FSE_Compilers\CXSTM8\lib\libm0.sm8)lsub.o:
start 00009da1 end 00009db9 length    24 section .text
start 000011e9 end 00001218 length    47 section .info.

(C:\Program Files (x86)\COSMIC\FSE_Compilers\CXSTM8\lib\libm0.sm8)ltor.o:
start 00009db9 end 00009dcb length    18 section .text
start 00001218 end 00001247 length    47 section .info.

(C:\Program Files (x86)\COSMIC\FSE_Compilers\CXSTM8\lib\libm0.sm8)ludiv.o:
start 00009dcb end 00009ddf length    20 section .text
start 00001247 end 00001277 length    48 section .info.

(C:\Program Files (x86)\COSMIC\FSE_Compilers\CXSTM8\lib\libm0.sm8)lursh.o:
start ******** end ******** length     0 section .text *** removed ***
start 00001277 end 000012a7 length    48 section .info.

(C:\Program Files (x86)\COSMIC\FSE_Compilers\CXSTM8\lib\libm0.sm8)lzmp.o:
start 00009ddf end 00009df2 length    19 section .text
start 000012a7 end 000012d6 length    47 section .info.

(C:\Program Files (x86)\COSMIC\FSE_Compilers\CXSTM8\lib\libm0.sm8)rtol.o:
start 00009df2 end 00009e04 length    18 section .text
start 000012d6 end 00001305 length    47 section .info.

(C:\Program Files (x86)\COSMIC\FSE_Compilers\CXSTM8\lib\libm0.sm8)sdivx.o:
start ******** end ******** length     0 section .text *** removed ***
start 00001305 end 00001335 length    48 section .info.

(C:\Program Files (x86)\COSMIC\FSE_Compilers\CXSTM8\lib\libm0.sm8)smul.o:
start ******** end ******** length     0 section .text *** removed ***
start 00001335 end 00001364 length    47 section .info.

(C:\Program Files (x86)\COSMIC\FSE_Compilers\CXSTM8\lib\libm0.sm8)utol.o:
start ******** end ******** length     0 section .text *** removed ***
start 00001364 end 00001393 length    47 section .info.

(C:\Program Files (x86)\COSMIC\FSE_Compilers\CXSTM8\lib\libm0.sm8)utolx.o:
start 00009e04 end 00009e0b length     7 section .text
start 00001393 end 000013c3 length    48 section .info.

(C:\Program Files (x86)\COSMIC\FSE_Compilers\CXSTM8\lib\libm0.sm8)umul.o:
start ******** end ******** length     0 section .text *** removed ***
start 000013c3 end 000013f2 length    47 section .info.

(C:\Program Files (x86)\COSMIC\FSE_Compilers\CXSTM8\lib\libm0.sm8)xreg.o:
start 00000010 end 00000013 length     3 section .ubsct
start 000013f2 end 00001421 length    47 section .info.

(C:\Program Files (x86)\COSMIC\FSE_Compilers\CXSTM8\lib\libm0.sm8)yreg.o:
start 00000013 end 00000016 length     3 section .ubsct
start 00001421 end 00001450 length    47 section .info.

Debug\stm8_interrupt_vector.o:
start 00016d81 end 00016ea7 length   294 section .debug
start 00001450 end 000014dd length   141 section .info.
start 00008000 end 00008080 length   128 section .const


                             -----------
                             Stack usage
                             -----------

Debug\main.o:
_assert_failed                          6   (6)
_check_ncoder                      >    7   (2)
_main                              >  138   (50)
_setup                                 16   (2)

Debug\milis.o:
_delay_ms                              20   (6)
_init_milis                            14   (2)
_milis                                 14   (4)
f_TIM4_UPD_OVF_IRQHandler          >   21   (12)

Debug\stm8_hd44780.o:
_lcd_bus_inputs                        14   (2)
_lcd_bus_outputs                       14   (2)
_lcd_bus_read                           8   (3)
_lcd_bus_set                            8   (3)
_lcd_bus_sleep                     >   16   (2)
_lcd_bus_wakeup                    >   16   (2)
_lcd_busy_wait                         21   (4)
_lcd_command                           24   (3)
_lcd_data                              24   (3)
_lcd_deinit_hw                     >   14   (2)
_lcd_e_tick                             7   (2)
_lcd_gotoxy                            29   (5)
_lcd_init                              26   (2)
_lcd_init_hw                           16   (2)
_lcd_puts                              28   (4)
_lcd_read                              17   (3)
_lcd_store_symbol                  >   30   (6)

Debug\stm8s_clk.o:
_CLK_AdjustHSICalibrationValue     >    9   (3)
_CLK_CCOCmd                        >    9   (3)
_CLK_CCOConfig                     >    9   (3)
_CLK_ClearITPendingBit             >    9   (3)
_CLK_ClockSecuritySystemEnable     >    2   (2)
_CLK_ClockSwitchCmd                >    9   (3)
_CLK_ClockSwitchConfig             >   16   (10)
_CLK_DeInit                        >    2   (2)
_CLK_FastHaltWakeUpCmd             >    9   (3)
_CLK_GetClockFreq                  >   25   (11)
_CLK_GetFlagStatus                 >   13   (7)
_CLK_GetITStatus                   >   10   (4)
_CLK_GetSYSCLKSource               >    2   (2)
_CLK_HSECmd                        >    9   (3)
_CLK_HSICmd                        >    9   (3)
_CLK_HSIPrescalerConfig                 9   (3)
_CLK_ITConfig                      >   10   (4)
_CLK_LSICmd                        >    9   (3)
_CLK_PeripheralClockConfig         >   10   (4)
_CLK_SWIMConfig                    >    9   (3)
_CLK_SYSCLKConfig                  >    9   (3)
_CLK_SYSCLKEmergencyClear          >    2   (2)
_CLK_SlowActiveHaltWakeUpCmd       >    9   (3)

Debug\stm8s_gpio.o:
_GPIO_DeInit                       >    2   (2)
_GPIO_ExternalPullUpConfig         >   12   (6)
_GPIO_Init                             12   (6)
_GPIO_ReadInputData                >    2   (2)
_GPIO_ReadInputPin                      5   (5)
_GPIO_ReadOutputData               >    2   (2)
_GPIO_Write                        >    5   (5)
_GPIO_WriteHigh                         5   (5)
_GPIO_WriteLow                          5   (5)
_GPIO_WriteReverse                      5   (5)

Debug\stm8s_it.o:
f_ADC2_IRQHandler                  >    6   (6)
f_AWU_IRQHandler                   >    6   (6)
f_CAN_RX_IRQHandler                >    6   (6)
f_CAN_TX_IRQHandler                >    6   (6)
f_CLK_IRQHandler                   >    6   (6)
f_EEPROM_EEC_IRQHandler            >    6   (6)
f_EXTI_PORTA_IRQHandler            >    6   (6)
f_EXTI_PORTB_IRQHandler            >    6   (6)
f_EXTI_PORTC_IRQHandler            >    6   (6)
f_EXTI_PORTD_IRQHandler            >    6   (6)
f_EXTI_PORTE_IRQHandler            >    6   (6)
f_I2C_IRQHandler                   >    6   (6)
f_NonHandledInterrupt              >    6   (6)
f_SPI_IRQHandler                   >    6   (6)
f_TIM1_CAP_COM_IRQHandler          >    6   (6)
f_TIM1_UPD_OVF_TRG_BRK_IRQHandler  >    6   (6)
f_TIM2_CAP_COM_IRQHandler          >    6   (6)
f_TIM2_UPD_OVF_BRK_IRQHandler      >    6   (6)
f_TIM3_CAP_COM_IRQHandler          >    6   (6)
f_TIM3_UPD_OVF_BRK_IRQHandler      >    6   (6)
f_TLI_IRQHandler                   >    6   (6)
f_TRAP_IRQHandler                  >    6   (6)
f_UART1_RX_IRQHandler              >    6   (6)
f_UART1_TX_IRQHandler              >    6   (6)
f_UART3_RX_IRQHandler              >    6   (6)
f_UART3_TX_IRQHandler              >    6   (6)

Debug\stm8s_itc.o:
_ITC_DeInit                        >    2   (2)
_ITC_GetCPUCC                           2   (2)
_ITC_GetSoftIntStatus                   4   (2)
_ITC_GetSoftwarePriority           >   11   (5)
_ITC_SetSoftwarePriority               12   (6)

Debug\stm8s_tim4.o:
_TIM4_ARRPreloadConfig             >    9   (3)
_TIM4_ClearFlag                         9   (3)
_TIM4_ClearITPendingBit            >    9   (3)
_TIM4_Cmd                               9   (3)
_TIM4_DeInit                       >    2   (2)
_TIM4_GenerateEvent                >    9   (3)
_TIM4_GetCounter                   >    2   (2)
_TIM4_GetFlagStatus                >   10   (4)
_TIM4_GetITStatus                  >   11   (5)
_TIM4_GetPrescaler                 >    2   (2)
_TIM4_ITConfig                         10   (4)
_TIM4_PrescalerConfig              >   10   (4)
_TIM4_SelectOnePulseMode           >    9   (3)
_TIM4_SetAutoreload                >    2   (2)
_TIM4_SetCounter                   >    2   (2)
_TIM4_TimeBaseInit                     10   (4)
_TIM4_UpdateDisableConfig          >    9   (3)
_TIM4_UpdateRequestConfig          >    9   (3)

C:\Program Files (x86:
L11__cvtup                              8   (6)
L31__putbuf                            12   (9)
L7__gnum                               20   (16)
__print                                74   (51)
__udiv                                  4   (4)
__uldiv                                 6   (6)
__itob                                 19   (15)
__ltob                                 23   (17)
_putchar                                3   (3)
_sprintf                               88   (14)
_strlen                                 2   (2)
_toupper                                2   (2)

Stack size: 159


                              ---------
                              Call tree
                              ---------
   1 > _CLK_AdjustHSICalibrationValue: (3)
   2      + _assert_failed: (6)
       
   3 > _CLK_CCOCmd: (3)
   4      + _assert_failed --> 2
       
   5 > _CLK_CCOConfig: (3)
   6      + _assert_failed --> 2
       
   7 > _CLK_ClearITPendingBit: (3)
   8      + _assert_failed --> 2
       
   9 > _CLK_ClockSecuritySystemEnable: (2)

  10 > _CLK_ClockSwitchCmd: (3)
  11      + _assert_failed --> 2
       
  12 > _CLK_ClockSwitchConfig: (10)
  13      + _assert_failed --> 2
       
  14 > _CLK_DeInit: (2)

  15 > _CLK_FastHaltWakeUpCmd: (3)
  16      + _assert_failed --> 2
       
  17 > _CLK_GetClockFreq: (11)

  18 > _CLK_GetFlagStatus: (7)
  19      + _assert_failed --> 2
       
  20 > _CLK_GetITStatus: (4)
  21      + _assert_failed --> 2
       
  22 > _CLK_GetSYSCLKSource: (2)

  23 > _CLK_HSECmd: (3)
  24      + _assert_failed --> 2
       
  25 > _CLK_HSICmd: (3)
  26      + _assert_failed --> 2
       
  27 > _CLK_ITConfig: (4)
  28      + _assert_failed --> 2
       
  29 > _CLK_LSICmd: (3)
  30      + _assert_failed --> 2
       
  31 > _CLK_PeripheralClockConfig: (4)
  32      + _assert_failed --> 2
       
  33 > _CLK_SWIMConfig: (3)
  34      + _assert_failed --> 2
       
  35 > _CLK_SYSCLKConfig: (3)
  36      + _assert_failed --> 2
       
  37 > _CLK_SYSCLKEmergencyClear: (2)

  38 > _CLK_SlowActiveHaltWakeUpCmd: (3)
  39      + _assert_failed --> 2
       
  40 > _GPIO_DeInit: (2)

  41 > _GPIO_ExternalPullUpConfig: (6)
  42      + _assert_failed --> 2
       
  43 > _GPIO_ReadInputData: (2)

  44 > _GPIO_ReadOutputData: (2)

  45 > _GPIO_Write: (5)

  46 > _ITC_DeInit: (2)

  47 > _ITC_GetSoftwarePriority: (5)
  48      + _assert_failed --> 2
       
  49 > _TIM4_ARRPreloadConfig: (3)
  50      + _assert_failed --> 2
       
  51 > _TIM4_ClearITPendingBit: (3)
  52      + _assert_failed --> 2
       
  53 > _TIM4_DeInit: (2)

  54 > _TIM4_GenerateEvent: (3)
  55      + _assert_failed --> 2
       
  56 > _TIM4_GetCounter: (2)

  57 > _TIM4_GetFlagStatus: (4)
  58      + _assert_failed --> 2
       
  59 > _TIM4_GetITStatus: (5)
  60      + _assert_failed --> 2
       
  61 > _TIM4_GetPrescaler: (2)

  62 > _TIM4_PrescalerConfig: (4)
  63      + _assert_failed --> 2
       
  64 > _TIM4_SelectOnePulseMode: (3)
  65      + _assert_failed --> 2
       
  66 > _TIM4_SetAutoreload: (2)

  67 > _TIM4_SetCounter: (2)

  68 > _TIM4_UpdateDisableConfig: (3)
  69      + _assert_failed --> 2
       
  70 > _TIM4_UpdateRequestConfig: (3)
  71      + _assert_failed --> 2
       
  72 > __stext: (0)

  73 > _check_ncoder: (2)
  74      + _GPIO_ReadInputPin: (5)
       
  75 > _lcd_bus_sleep: (2)
  76      + _GPIO_WriteHigh: (5)
  77      + _lcd_bus_inputs: (2)
  78      |    + _GPIO_Init: (6)
  79      |    |    + _assert_failed --> 2
          |    | 
          | 
       
  80 > _lcd_bus_wakeup: (2)
  81      + _GPIO_WriteHigh --> 76
  82      + _GPIO_WriteLow: (5)
  83      + _lcd_bus_outputs: (2)
  84      |    + _GPIO_Init --> 78
          | 
       
  85 > _lcd_deinit_hw: (2)
  86      + _GPIO_Init --> 78
       
  87 > _lcd_store_symbol: (6)
  88      + _lcd_command: (3)
  89      |    + _GPIO_WriteLow --> 82
  90      |    + _lcd_bus_set: (3)
  91      |    |    + _GPIO_WriteHigh --> 76
  92      |    |    + _GPIO_WriteLow --> 82
          |    | 
  93      |    + _lcd_busy_wait: (4)
  94      |    |    + _lcd_read: (3)
  95      |    |    |    + _GPIO_WriteHigh --> 76
  96      |    |    |    + _GPIO_WriteLow --> 82
  97      |    |    |    + _lcd_bus_inputs --> 77
  98      |    |    |    + _lcd_bus_outputs --> 83
  99      |    |    |    + _lcd_bus_read: (3)
 100      |    |    |    |    + _GPIO_ReadInputPin --> 74
          |    |    |    | 
          |    |    | 
          |    | 
 101      |    + _lcd_e_tick: (2)
 102      |    |    + _GPIO_WriteHigh --> 76
 103      |    |    + _GPIO_WriteLow --> 82
          |    | 
          | 
 104      + _lcd_data: (3)
 105      |    + _GPIO_WriteHigh --> 76
 106      |    + _lcd_bus_set --> 90
 107      |    + _lcd_busy_wait --> 93
 108      |    + _lcd_e_tick --> 101
          | 
       
 109 > _main: (50)
 110      + _GPIO_ReadInputPin --> 74
 111      + _GPIO_WriteReverse: (5)
 112      + _delay_ms: (6)
 113      |    + _milis: (4)
 114      |    |    + _TIM4_ITConfig: (4)
 115      |    |    |    + _assert_failed --> 2
          |    |    | 
          |    | 
          | 
 116      + _lcd_gotoxy: (5)
 117      |    + _lcd_command --> 88
          | 
 118      + _lcd_init: (2)
 119      |    + _lcd_bus_outputs --> 83
 120      |    + _lcd_bus_set --> 90
 121      |    + _lcd_command --> 88
 122      |    + _lcd_e_tick --> 101
 123      |    + _lcd_init_hw: (2)
 124      |    |    + _GPIO_Init --> 78
 125      |    |    + _lcd_bus_outputs --> 83
          |    | 
          | 
 126      + _lcd_puts: (4)
 127      |    + _lcd_data --> 104
          | 
 128      + _milis --> 113
 129      + _setup: (2)
 130      |    + _CLK_HSIPrescalerConfig: (3)
 131      |    |    + _assert_failed --> 2
          |    | 
 132      |    + _GPIO_Init --> 78
 133      |    + _init_milis: (2)
 134      |    |    + _ITC_SetSoftwarePriority: (6)
 135      |    |    |    + _ITC_GetSoftIntStatus: (2)
 136      |    |    |    |    + _ITC_GetCPUCC: (2)
          |    |    |    | 
 137      |    |    |    + _assert_failed --> 2
          |    |    | 
 138      |    |    + _TIM4_ClearFlag: (3)
 139      |    |    |    + _assert_failed --> 2
          |    |    | 
 140      |    |    + _TIM4_Cmd: (3)
 141      |    |    |    + _assert_failed --> 2
          |    |    | 
 142      |    |    + _TIM4_ITConfig --> 114
 143      |    |    + _TIM4_TimeBaseInit: (4)
 144      |    |    |    + _assert_failed --> 2
          |    |    | 
          |    | 
          | 
 145      + _sprintf: (14)
 146      |    + __print: (51)
 147      |    |    + L11__cvtup: (6)
 148      |    |    |    + _toupper: (2)
          |    |    | 
 149      |    |    + L31__putbuf: (9)
 150      |    |    |    + _putchar: (3)
          |    |    | 
 151      |    |    + L7__gnum: (16)
 152      |    |    + __itob: (15)
 153      |    |    |    + __udiv: (4)
          |    |    | 
 154      |    |    + __ltob: (17)
 155      |    |    |    + __uldiv: (6)
          |    |    | 
 156      |    |    + _strlen: (2)
          |    | 
          | 
       
 157 > f_ADC2_IRQHandler: (6)

 158 > f_AWU_IRQHandler: (6)

 159 > f_CAN_RX_IRQHandler: (6)

 160 > f_CAN_TX_IRQHandler: (6)

 161 > f_CLK_IRQHandler: (6)

 162 > f_EEPROM_EEC_IRQHandler: (6)

 163 > f_EXTI_PORTA_IRQHandler: (6)

 164 > f_EXTI_PORTB_IRQHandler: (6)

 165 > f_EXTI_PORTC_IRQHandler: (6)

 166 > f_EXTI_PORTD_IRQHandler: (6)

 167 > f_EXTI_PORTE_IRQHandler: (6)

 168 > f_I2C_IRQHandler: (6)

 169 > f_NonHandledInterrupt: (6)

 170 > f_SPI_IRQHandler: (6)

 171 > f_TIM1_CAP_COM_IRQHandler: (6)

 172 > f_TIM1_UPD_OVF_TRG_BRK_IRQHandler: (6)

 173 > f_TIM2_CAP_COM_IRQHandler: (6)

 174 > f_TIM2_UPD_OVF_BRK_IRQHandler: (6)

 175 > f_TIM3_CAP_COM_IRQHandler: (6)

 176 > f_TIM3_UPD_OVF_BRK_IRQHandler: (6)

 177 > f_TIM4_UPD_OVF_IRQHandler: (12)
 178      + _TIM4_ClearFlag --> 138
       
 179 > f_TLI_IRQHandler: (6)

 180 > f_TRAP_IRQHandler: (6)

 181 > f_UART1_RX_IRQHandler: (6)

 182 > f_UART1_TX_IRQHandler: (6)

 183 > f_UART3_RX_IRQHandler: (6)

 184 > f_UART3_TX_IRQHandler: (6)

 185   L11__cvtup --> 147

 186   L31__putbuf --> 149

 187   L7__gnum --> 151

 188   _CLK_HSIPrescalerConfig --> 130

 189   _GPIO_Init --> 78

 190   _GPIO_ReadInputPin --> 74

 191   _GPIO_WriteHigh --> 76

 192   _GPIO_WriteLow --> 82

 193   _GPIO_WriteReverse --> 111

 194   _ITC_GetCPUCC --> 136

 195   _ITC_GetSoftIntStatus --> 135

 196   _ITC_SetSoftwarePriority --> 134

 197   _TIM4_ClearFlag --> 138

 198   _TIM4_Cmd --> 140

 199   _TIM4_ITConfig --> 114

 200   _TIM4_TimeBaseInit --> 143

 201   __itob --> 152

 202   __ltob --> 154

 203   __print --> 146

 204   __udiv --> 153

 205   __uldiv --> 155

 206   _assert_failed --> 2

 207   _delay_ms --> 112

 208   _init_milis --> 133

 209   _lcd_bus_inputs --> 77

 210   _lcd_bus_outputs --> 83

 211   _lcd_bus_read --> 99

 212   _lcd_bus_set --> 90

 213   _lcd_busy_wait --> 93

 214   _lcd_command --> 88

 215   _lcd_data --> 104

 216   _lcd_e_tick --> 101

 217   _lcd_gotoxy --> 116

 218   _lcd_init --> 118

 219   _lcd_init_hw --> 123

 220   _lcd_puts --> 126

 221   _lcd_read --> 94

 222   _milis --> 113

 223   _putchar --> 150

 224   _setup --> 129

 225   _sprintf --> 145

 226   _strlen --> 156

 227   _toupper --> 148



                               -------
                               Symbols
                               -------

_ADC2_AlignConfig                   ********   *** removed from Debug\spse_stm8.o ***
_ADC2_ClearFlag                     ********   *** removed from Debug\stm8s_adc2.o ***
_ADC2_ClearITPendingBit             ********   *** removed from Debug\stm8s_adc2.o ***
_ADC2_Cmd                           ********   *** removed from Debug\stm8s_adc2.o ***
_ADC2_ConversionConfig              ********   *** removed from Debug\stm8s_adc2.o ***
_ADC2_DeInit                        ********   *** removed from Debug\stm8s_adc2.o ***
_ADC2_ExternalTriggerConfig         ********   *** removed from Debug\stm8s_adc2.o ***
_ADC2_GetConversionValue            ********   *** removed from Debug\stm8s_adc2.o ***
_ADC2_GetFlagStatus                 ********   *** removed from Debug\stm8s_adc2.o ***
_ADC2_GetITStatus                   ********   *** removed from Debug\stm8s_adc2.o ***
_ADC2_ITConfig                      ********   *** removed from Debug\stm8s_adc2.o ***
_ADC2_Init                          ********   *** removed from Debug\stm8s_adc2.o ***
_ADC2_PrescalerConfig               ********   *** removed from Debug\stm8s_adc2.o ***
_ADC2_SchmittTriggerConfig          ********   *** removed from Debug\stm8s_adc2.o ***
_ADC2_Select_Channel                ********   *** removed from Debug\spse_stm8.o ***
_ADC2_StartConversion               ********   *** removed from Debug\stm8s_adc2.o ***
_APR_Array                          ********   *** removed from Debug\stm8s_awu.o ***
_AWU_Cmd                            ********   *** removed from Debug\stm8s_awu.o ***
_AWU_DeInit                         ********   *** removed from Debug\stm8s_awu.o ***
_AWU_GetFlagStatus                  ********   *** removed from Debug\stm8s_awu.o ***
_AWU_IdleModeEnable                 ********   *** removed from Debug\stm8s_awu.o ***
_AWU_Init                           ********   *** removed from Debug\stm8s_awu.o ***
_AWU_LSICalibrationConfig           ********   *** removed from Debug\stm8s_awu.o ***
_BEEP_Cmd                           ********   *** removed from Debug\stm8s_beep.o ***
_BEEP_DeInit                        ********   *** removed from Debug\stm8s_beep.o ***
_BEEP_Init                          ********   *** removed from Debug\stm8s_beep.o ***
_BEEP_LSICalibrationConfig          ********   *** removed from Debug\stm8s_beep.o ***
_CAN_CancelTransmit                 ********   *** removed from Debug\stm8s_can.o ***
_CAN_ClearFlag                      ********   *** removed from Debug\stm8s_can.o ***
_CAN_ClearITPendingBit              ********   *** removed from Debug\stm8s_can.o ***
_CAN_DeInit                         ********   *** removed from Debug\stm8s_can.o ***
_CAN_FIFORelease                    ********   *** removed from Debug\stm8s_can.o ***
_CAN_FilterInit                     ********   *** removed from Debug\stm8s_can.o ***
_CAN_GetFlagStatus                  ********   *** removed from Debug\stm8s_can.o ***
_CAN_GetITStatus                    ********   *** removed from Debug\stm8s_can.o ***
_CAN_GetLastErrorCode               ********   *** removed from Debug\stm8s_can.o ***
_CAN_GetMessageTimeStamp            ********   *** removed from Debug\stm8s_can.o ***
_CAN_GetReceivedDLC                 ********   *** removed from Debug\stm8s_can.o ***
_CAN_GetReceivedData                ********   *** removed from Debug\stm8s_can.o ***
_CAN_GetReceivedFMI                 ********   *** removed from Debug\stm8s_can.o ***
_CAN_GetReceivedIDE                 ********   *** removed from Debug\stm8s_can.o ***
_CAN_GetReceivedId                  ********   *** removed from Debug\stm8s_can.o ***
_CAN_GetReceivedRTR                 ********   *** removed from Debug\stm8s_can.o ***
_CAN_GetSelectedPage                ********   *** removed from Debug\stm8s_can.o ***
_CAN_ITConfig                       ********   *** removed from Debug\stm8s_can.o ***
_CAN_Init                           ********   *** removed from Debug\stm8s_can.o ***
_CAN_MessagePending                 ********   *** removed from Debug\stm8s_can.o ***
_CAN_OperatingModeRequest           ********   *** removed from Debug\stm8s_can.o ***
_CAN_Receive                        ********   *** removed from Debug\stm8s_can.o ***
_CAN_ST7CompatibilityCmd            ********   *** removed from Debug\stm8s_can.o ***
_CAN_SelectPage                     ********   *** removed from Debug\stm8s_can.o ***
_CAN_Sleep                          ********   *** removed from Debug\stm8s_can.o ***
_CAN_TTComModeCmd                   ********   *** removed from Debug\stm8s_can.o ***
_CAN_Transmit                       ********   *** removed from Debug\stm8s_can.o ***
_CAN_TransmitStatus                 ********   *** removed from Debug\stm8s_can.o ***
_CAN_WakeUp                         ********   *** removed from Debug\stm8s_can.o ***
_CLKPrescTable                      0000809e   defined in Debug\stm8s_clk.o section .const
_CLK_AdjustHSICalibrationValue      00008e3e   defined in Debug\stm8s_clk.o section .text
_CLK_CCOCmd                         0000897a   defined in Debug\stm8s_clk.o section .text
_CLK_CCOConfig                      00008c54   defined in Debug\stm8s_clk.o section .text
_CLK_ClearITPendingBit              00008f6e   defined in Debug\stm8s_clk.o section .text
_CLK_ClockSecuritySystemEnable      00008dc1   defined in Debug\stm8s_clk.o section .text
_CLK_ClockSwitchCmd                 000089a5   defined in Debug\stm8s_clk.o section .text
_CLK_ClockSwitchConfig              00008ae9   defined in Debug\stm8s_clk.o section .text
_CLK_DeInit                         00008896   defined in Debug\stm8s_clk.o section .text
_CLK_FastHaltWakeUpCmd              000088ce   defined in Debug\stm8s_clk.o section .text
_CLK_GetClockFreq                   00008dca   defined in Debug\stm8s_clk.o section .text
                                               used in Debug\stm8s_uart1.o
                                                       Debug\stm8s_uart3.o
_CLK_GetFlagStatus                  00008e82   defined in Debug\stm8s_clk.o section .text
_CLK_GetITStatus                    00008f23   defined in Debug\stm8s_clk.o section .text
_CLK_GetSYSCLKSource                00008dc6   defined in Debug\stm8s_clk.o section .text
_CLK_HSECmd                         000088f9   defined in Debug\stm8s_clk.o section .text
_CLK_HSICmd                         00008924   defined in Debug\stm8s_clk.o section .text
_CLK_HSIPrescalerConfig             00008c1f   defined in Debug\stm8s_clk.o section .text
                                               used in Debug\main.o
_CLK_ITConfig                       00008cb1   defined in Debug\stm8s_clk.o section .text
_CLK_LSICmd                         0000894f   defined in Debug\stm8s_clk.o section .text
_CLK_PeripheralClockConfig          000089fb   defined in Debug\stm8s_clk.o section .text
_CLK_SWIMConfig                     00008d96   defined in Debug\stm8s_clk.o section .text
_CLK_SYSCLKConfig                   00008d25   defined in Debug\stm8s_clk.o section .text
_CLK_SYSCLKEmergencyClear           00008e7d   defined in Debug\stm8s_clk.o section .text
_CLK_SlowActiveHaltWakeUpCmd        000089d0   defined in Debug\stm8s_clk.o section .text
_EXTI_DeInit                        ********   *** removed from Debug\stm8s_exti.o ***
_EXTI_GetExtIntSensitivity          ********   *** removed from Debug\stm8s_exti.o ***
_EXTI_GetTLISensitivity             ********   *** removed from Debug\stm8s_exti.o ***
_EXTI_SetExtIntSensitivity          ********   *** removed from Debug\stm8s_exti.o ***
_EXTI_SetTLISensitivity             ********   *** removed from Debug\stm8s_exti.o ***
_FLASH_DeInit                       ********   *** removed from Debug\stm8s_flash.o ***
_FLASH_EraseBlock                   ********   *** removed from Debug\stm8s_flash.o ***
_FLASH_EraseByte                    ********   *** removed from Debug\stm8s_flash.o ***
_FLASH_EraseOptionByte              ********   *** removed from Debug\stm8s_flash.o ***
_FLASH_GetBootSize                  ********   *** removed from Debug\stm8s_flash.o ***
_FLASH_GetFlagStatus                ********   *** removed from Debug\stm8s_flash.o ***
_FLASH_GetLowPowerMode              ********   *** removed from Debug\stm8s_flash.o ***
_FLASH_GetProgrammingTime           ********   *** removed from Debug\stm8s_flash.o ***
_FLASH_ITConfig                     ********   *** removed from Debug\stm8s_flash.o ***
_FLASH_Lock                         ********   *** removed from Debug\stm8s_flash.o ***
_FLASH_ProgramBlock                 ********   *** removed from Debug\stm8s_flash.o ***
_FLASH_ProgramByte                  ********   *** removed from Debug\stm8s_flash.o ***
_FLASH_ProgramOptionByte            ********   *** removed from Debug\stm8s_flash.o ***
_FLASH_ProgramWord                  ********   *** removed from Debug\stm8s_flash.o ***
_FLASH_ReadByte                     ********   *** removed from Debug\stm8s_flash.o ***
_FLASH_ReadOptionByte               ********   *** removed from Debug\stm8s_flash.o ***
_FLASH_SetLowPowerMode              ********   *** removed from Debug\stm8s_flash.o ***
_FLASH_SetProgrammingTime           ********   *** removed from Debug\stm8s_flash.o ***
_FLASH_Unlock                       ********   *** removed from Debug\stm8s_flash.o ***
_FLASH_WaitForLastOperation         ********   *** removed from Debug\stm8s_flash.o ***
_GPIO_DeInit                        00008f9c   defined in Debug\stm8s_gpio.o section .text
_GPIO_ExternalPullUpConfig          000090aa   defined in Debug\stm8s_gpio.o section .text
_GPIO_Init                          00008fa4   defined in Debug\stm8s_gpio.o section .text
                                               used in Debug\main.o
                                                       Debug\stm8_hd44780.o
_GPIO_ReadInputData                 000090a0   defined in Debug\stm8s_gpio.o section .text
_GPIO_ReadInputPin                  000090a3   defined in Debug\stm8s_gpio.o section .text
                                               used in Debug\main.o
                                                       Debug\stm8_hd44780.o
_GPIO_ReadOutputData                0000909e   defined in Debug\stm8s_gpio.o section .text
_GPIO_Write                         00009080   defined in Debug\stm8s_gpio.o section .text
_GPIO_WriteHigh                     00009088   defined in Debug\stm8s_gpio.o section .text
                                               used in Debug\stm8_hd44780.o
_GPIO_WriteLow                      0000908f   defined in Debug\stm8s_gpio.o section .text
                                               used in Debug\stm8_hd44780.o
_GPIO_WriteReverse                  00009097   defined in Debug\stm8s_gpio.o section .text
                                               used in Debug\main.o
_HSIDivFactor                       0000809a   defined in Debug\stm8s_clk.o section .const
_I2C_AcknowledgeConfig              ********   *** removed from Debug\stm8s_i2c.o ***
_I2C_CheckEvent                     ********   *** removed from Debug\stm8s_i2c.o ***
_I2C_ClearFlag                      ********   *** removed from Debug\stm8s_i2c.o ***
_I2C_ClearITPendingBit              ********   *** removed from Debug\stm8s_i2c.o ***
_I2C_Cmd                            ********   *** removed from Debug\stm8s_i2c.o ***
_I2C_DeInit                         ********   *** removed from Debug\stm8s_i2c.o ***
_I2C_FastModeDutyCycleConfig        ********   *** removed from Debug\stm8s_i2c.o ***
_I2C_GeneralCallCmd                 ********   *** removed from Debug\stm8s_i2c.o ***
_I2C_GenerateSTART                  ********   *** removed from Debug\stm8s_i2c.o ***
_I2C_GenerateSTOP                   ********   *** removed from Debug\stm8s_i2c.o ***
_I2C_GetFlagStatus                  ********   *** removed from Debug\stm8s_i2c.o ***
_I2C_GetITStatus                    ********   *** removed from Debug\stm8s_i2c.o ***
_I2C_GetLastEvent                   ********   *** removed from Debug\stm8s_i2c.o ***
_I2C_ITConfig                       ********   *** removed from Debug\stm8s_i2c.o ***
_I2C_Init                           ********   *** removed from Debug\stm8s_i2c.o ***
_I2C_ReceiveData                    ********   *** removed from Debug\stm8s_i2c.o ***
_I2C_Send7bitAddress                ********   *** removed from Debug\stm8s_i2c.o ***
_I2C_SendData                       ********   *** removed from Debug\stm8s_i2c.o ***
_I2C_SoftwareResetCmd               ********   *** removed from Debug\stm8s_i2c.o ***
_I2C_StretchClockCmd                ********   *** removed from Debug\stm8s_i2c.o ***
_ITC_DeInit                         00009115   defined in Debug\stm8s_itc.o section .text
_ITC_GetCPUCC                       00009112   defined in Debug\stm8s_itc.o section .text
_ITC_GetSoftIntStatus               00009136   defined in Debug\stm8s_itc.o section .text
_ITC_GetSoftwarePriority            0000913b   defined in Debug\stm8s_itc.o section .text
_ITC_SetSoftwarePriority            000091cb   defined in Debug\stm8s_itc.o section .text
                                               used in Debug\milis.o
_IWDG_Enable                        ********   *** removed from Debug\stm8s_iwdg.o ***
_IWDG_ReloadCounter                 ********   *** removed from Debug\stm8s_iwdg.o ***
_IWDG_SetPrescaler                  ********   *** removed from Debug\stm8s_iwdg.o ***
_IWDG_SetReload                     ********   *** removed from Debug\stm8s_iwdg.o ***
_IWDG_WriteAccessCmd                ********   *** removed from Debug\stm8s_iwdg.o ***
_RST_ClearFlag                      ********   *** removed from Debug\stm8s_rst.o ***
_RST_GetFlagStatus                  ********   *** removed from Debug\stm8s_rst.o ***
_SPI_BiDirectionalLineConfig        ********   *** removed from Debug\stm8s_spi.o ***
_SPI_CalculateCRCCmd                ********   *** removed from Debug\stm8s_spi.o ***
_SPI_ClearFlag                      ********   *** removed from Debug\stm8s_spi.o ***
_SPI_ClearITPendingBit              ********   *** removed from Debug\stm8s_spi.o ***
_SPI_Cmd                            ********   *** removed from Debug\stm8s_spi.o ***
_SPI_DeInit                         ********   *** removed from Debug\stm8s_spi.o ***
_SPI_GetCRC                         ********   *** removed from Debug\stm8s_spi.o ***
_SPI_GetCRCPolynomial               ********   *** removed from Debug\stm8s_spi.o ***
_SPI_GetFlagStatus                  ********   *** removed from Debug\stm8s_spi.o ***
_SPI_GetITStatus                    ********   *** removed from Debug\stm8s_spi.o ***
_SPI_ITConfig                       ********   *** removed from Debug\stm8s_spi.o ***
_SPI_Init                           ********   *** removed from Debug\stm8s_spi.o ***
_SPI_NSSInternalSoftwareCmd         ********   *** removed from Debug\stm8s_spi.o ***
_SPI_ReceiveData                    ********   *** removed from Debug\stm8s_spi.o ***
_SPI_ResetCRC                       ********   *** removed from Debug\stm8s_spi.o ***
_SPI_SendData                       ********   *** removed from Debug\stm8s_spi.o ***
_SPI_TransmitCRC                    ********   *** removed from Debug\stm8s_spi.o ***
_TBR_Array                          ********   *** removed from Debug\stm8s_awu.o ***
_TIM1_ARRPreloadConfig              ********   *** removed from Debug\stm8s_tim1.o ***
_TIM1_BDTRConfig                    ********   *** removed from Debug\stm8s_tim1.o ***
_TIM1_CCPreloadControl              ********   *** removed from Debug\stm8s_tim1.o ***
_TIM1_CCxCmd                        ********   *** removed from Debug\stm8s_tim1.o ***
_TIM1_CCxNCmd                       ********   *** removed from Debug\stm8s_tim1.o ***
_TIM1_ClearFlag                     ********   *** removed from Debug\stm8s_tim1.o ***
_TIM1_ClearITPendingBit             ********   *** removed from Debug\stm8s_tim1.o ***
_TIM1_Cmd                           ********   *** removed from Debug\stm8s_tim1.o ***
_TIM1_CounterModeConfig             ********   *** removed from Debug\stm8s_tim1.o ***
_TIM1_CtrlPWMOutputs                ********   *** removed from Debug\stm8s_tim1.o ***
_TIM1_DeInit                        ********   *** removed from Debug\stm8s_tim1.o ***
_TIM1_ETRClockMode1Config           ********   *** removed from Debug\stm8s_tim1.o ***
_TIM1_ETRClockMode2Config           ********   *** removed from Debug\stm8s_tim1.o ***
_TIM1_ETRConfig                     ********   *** removed from Debug\stm8s_tim1.o ***
_TIM1_EncoderInterfaceConfig        ********   *** removed from Debug\stm8s_tim1.o ***
_TIM1_ForcedOC1Config               ********   *** removed from Debug\stm8s_tim1.o ***
_TIM1_ForcedOC2Config               ********   *** removed from Debug\stm8s_tim1.o ***
_TIM1_ForcedOC3Config               ********   *** removed from Debug\stm8s_tim1.o ***
_TIM1_ForcedOC4Config               ********   *** removed from Debug\stm8s_tim1.o ***
_TIM1_GenerateEvent                 ********   *** removed from Debug\stm8s_tim1.o ***
_TIM1_GetCapture1                   ********   *** removed from Debug\stm8s_tim1.o ***
_TIM1_GetCapture2                   ********   *** removed from Debug\stm8s_tim1.o ***
_TIM1_GetCapture3                   ********   *** removed from Debug\stm8s_tim1.o ***
_TIM1_GetCapture4                   ********   *** removed from Debug\stm8s_tim1.o ***
_TIM1_GetCounter                    ********   *** removed from Debug\stm8s_tim1.o ***
_TIM1_GetFlagStatus                 ********   *** removed from Debug\stm8s_tim1.o ***
_TIM1_GetITStatus                   ********   *** removed from Debug\stm8s_tim1.o ***
_TIM1_GetPrescaler                  ********   *** removed from Debug\stm8s_tim1.o ***
_TIM1_ICInit                        ********   *** removed from Debug\stm8s_tim1.o ***
_TIM1_ITConfig                      ********   *** removed from Debug\stm8s_tim1.o ***
_TIM1_InternalClockConfig           ********   *** removed from Debug\stm8s_tim1.o ***
_TIM1_OC1FastConfig                 ********   *** removed from Debug\stm8s_tim1.o ***
_TIM1_OC1Init                       ********   *** removed from Debug\stm8s_tim1.o ***
_TIM1_OC1NPolarityConfig            ********   *** removed from Debug\stm8s_tim1.o ***
_TIM1_OC1PolarityConfig             ********   *** removed from Debug\stm8s_tim1.o ***
_TIM1_OC1PreloadConfig              ********   *** removed from Debug\stm8s_tim1.o ***
_TIM1_OC2FastConfig                 ********   *** removed from Debug\stm8s_tim1.o ***
_TIM1_OC2Init                       ********   *** removed from Debug\stm8s_tim1.o ***
_TIM1_OC2NPolarityConfig            ********   *** removed from Debug\stm8s_tim1.o ***
_TIM1_OC2PolarityConfig             ********   *** removed from Debug\stm8s_tim1.o ***
_TIM1_OC2PreloadConfig              ********   *** removed from Debug\stm8s_tim1.o ***
_TIM1_OC3FastConfig                 ********   *** removed from Debug\stm8s_tim1.o ***
_TIM1_OC3Init                       ********   *** removed from Debug\stm8s_tim1.o ***
_TIM1_OC3NPolarityConfig            ********   *** removed from Debug\stm8s_tim1.o ***
_TIM1_OC3PolarityConfig             ********   *** removed from Debug\stm8s_tim1.o ***
_TIM1_OC3PreloadConfig              ********   *** removed from Debug\stm8s_tim1.o ***
_TIM1_OC4FastConfig                 ********   *** removed from Debug\stm8s_tim1.o ***
_TIM1_OC4Init                       ********   *** removed from Debug\stm8s_tim1.o ***
_TIM1_OC4PolarityConfig             ********   *** removed from Debug\stm8s_tim1.o ***
_TIM1_OC4PreloadConfig              ********   *** removed from Debug\stm8s_tim1.o ***
_TIM1_PWMIConfig                    ********   *** removed from Debug\stm8s_tim1.o ***
_TIM1_PrescalerConfig               ********   *** removed from Debug\stm8s_tim1.o ***
_TIM1_SelectCOM                     ********   *** removed from Debug\stm8s_tim1.o ***
_TIM1_SelectHallSensor              ********   *** removed from Debug\stm8s_tim1.o ***
_TIM1_SelectInputTrigger            ********   *** removed from Debug\stm8s_tim1.o ***
_TIM1_SelectMasterSlaveMode         ********   *** removed from Debug\stm8s_tim1.o ***
_TIM1_SelectOCxM                    ********   *** removed from Debug\stm8s_tim1.o ***
_TIM1_SelectOnePulseMode            ********   *** removed from Debug\stm8s_tim1.o ***
_TIM1_SelectOutputTrigger           ********   *** removed from Debug\stm8s_tim1.o ***
_TIM1_SelectSlaveMode               ********   *** removed from Debug\stm8s_tim1.o ***
_TIM1_SetAutoreload                 ********   *** removed from Debug\stm8s_tim1.o ***
_TIM1_SetCompare1                   ********   *** removed from Debug\stm8s_tim1.o ***
_TIM1_SetCompare2                   ********   *** removed from Debug\stm8s_tim1.o ***
_TIM1_SetCompare3                   ********   *** removed from Debug\stm8s_tim1.o ***
_TIM1_SetCompare4                   ********   *** removed from Debug\stm8s_tim1.o ***
_TIM1_SetCounter                    ********   *** removed from Debug\stm8s_tim1.o ***
_TIM1_SetIC1Prescaler               ********   *** removed from Debug\stm8s_tim1.o ***
_TIM1_SetIC2Prescaler               ********   *** removed from Debug\stm8s_tim1.o ***
_TIM1_SetIC3Prescaler               ********   *** removed from Debug\stm8s_tim1.o ***
_TIM1_SetIC4Prescaler               ********   *** removed from Debug\stm8s_tim1.o ***
_TIM1_TIxExternalClockConfig        ********   *** removed from Debug\stm8s_tim1.o ***
_TIM1_TimeBaseInit                  ********   *** removed from Debug\stm8s_tim1.o ***
_TIM1_UpdateDisableConfig           ********   *** removed from Debug\stm8s_tim1.o ***
_TIM1_UpdateRequestConfig           ********   *** removed from Debug\stm8s_tim1.o ***
_TIM2_ARRPreloadConfig              ********   *** removed from Debug\stm8s_tim2.o ***
_TIM2_CCxCmd                        ********   *** removed from Debug\stm8s_tim2.o ***
_TIM2_ClearFlag                     ********   *** removed from Debug\stm8s_tim2.o ***
_TIM2_ClearITPendingBit             ********   *** removed from Debug\stm8s_tim2.o ***
_TIM2_Cmd                           ********   *** removed from Debug\stm8s_tim2.o ***
_TIM2_DeInit                        ********   *** removed from Debug\stm8s_tim2.o ***
_TIM2_ForcedOC1Config               ********   *** removed from Debug\stm8s_tim2.o ***
_TIM2_ForcedOC2Config               ********   *** removed from Debug\stm8s_tim2.o ***
_TIM2_ForcedOC3Config               ********   *** removed from Debug\stm8s_tim2.o ***
_TIM2_GenerateEvent                 ********   *** removed from Debug\stm8s_tim2.o ***
_TIM2_GetCapture1                   ********   *** removed from Debug\stm8s_tim2.o ***
_TIM2_GetCapture2                   ********   *** removed from Debug\stm8s_tim2.o ***
_TIM2_GetCapture3                   ********   *** removed from Debug\stm8s_tim2.o ***
_TIM2_GetCounter                    ********   *** removed from Debug\stm8s_tim2.o ***
_TIM2_GetFlagStatus                 ********   *** removed from Debug\stm8s_tim2.o ***
_TIM2_GetITStatus                   ********   *** removed from Debug\stm8s_tim2.o ***
_TIM2_GetPrescaler                  ********   *** removed from Debug\stm8s_tim2.o ***
_TIM2_ICInit                        ********   *** removed from Debug\stm8s_tim2.o ***
_TIM2_ITConfig                      ********   *** removed from Debug\stm8s_tim2.o ***
_TIM2_OC1Init                       ********   *** removed from Debug\stm8s_tim2.o ***
_TIM2_OC1PolarityConfig             ********   *** removed from Debug\stm8s_tim2.o ***
_TIM2_OC1PreloadConfig              ********   *** removed from Debug\stm8s_tim2.o ***
_TIM2_OC2Init                       ********   *** removed from Debug\stm8s_tim2.o ***
_TIM2_OC2PolarityConfig             ********   *** removed from Debug\stm8s_tim2.o ***
_TIM2_OC2PreloadConfig              ********   *** removed from Debug\stm8s_tim2.o ***
_TIM2_OC3Init                       ********   *** removed from Debug\stm8s_tim2.o ***
_TIM2_OC3PolarityConfig             ********   *** removed from Debug\stm8s_tim2.o ***
_TIM2_OC3PreloadConfig              ********   *** removed from Debug\stm8s_tim2.o ***
_TIM2_PWMIConfig                    ********   *** removed from Debug\stm8s_tim2.o ***
_TIM2_PrescalerConfig               ********   *** removed from Debug\stm8s_tim2.o ***
_TIM2_SelectOCxM                    ********   *** removed from Debug\stm8s_tim2.o ***
_TIM2_SelectOnePulseMode            ********   *** removed from Debug\stm8s_tim2.o ***
_TIM2_SetAutoreload                 ********   *** removed from Debug\stm8s_tim2.o ***
_TIM2_SetCompare1                   ********   *** removed from Debug\stm8s_tim2.o ***
_TIM2_SetCompare2                   ********   *** removed from Debug\stm8s_tim2.o ***
_TIM2_SetCompare3                   ********   *** removed from Debug\stm8s_tim2.o ***
_TIM2_SetCounter                    ********   *** removed from Debug\stm8s_tim2.o ***
_TIM2_SetIC1Prescaler               ********   *** removed from Debug\stm8s_tim2.o ***
_TIM2_SetIC2Prescaler               ********   *** removed from Debug\stm8s_tim2.o ***
_TIM2_SetIC3Prescaler               ********   *** removed from Debug\stm8s_tim2.o ***
_TIM2_TimeBaseInit                  ********   *** removed from Debug\stm8s_tim2.o ***
_TIM2_UpdateDisableConfig           ********   *** removed from Debug\stm8s_tim2.o ***
_TIM2_UpdateRequestConfig           ********   *** removed from Debug\stm8s_tim2.o ***
_TIM3_ARRPreloadConfig              ********   *** removed from Debug\stm8s_tim3.o ***
_TIM3_CCxCmd                        ********   *** removed from Debug\stm8s_tim3.o ***
_TIM3_ClearFlag                     ********   *** removed from Debug\stm8s_tim3.o ***
_TIM3_ClearITPendingBit             ********   *** removed from Debug\stm8s_tim3.o ***
_TIM3_Cmd                           ********   *** removed from Debug\stm8s_tim3.o ***
_TIM3_DeInit                        ********   *** removed from Debug\stm8s_tim3.o ***
_TIM3_ForcedOC1Config               ********   *** removed from Debug\stm8s_tim3.o ***
_TIM3_ForcedOC2Config               ********   *** removed from Debug\stm8s_tim3.o ***
_TIM3_GenerateEvent                 ********   *** removed from Debug\stm8s_tim3.o ***
_TIM3_GetCapture1                   ********   *** removed from Debug\stm8s_tim3.o ***
_TIM3_GetCapture2                   ********   *** removed from Debug\stm8s_tim3.o ***
_TIM3_GetCounter                    ********   *** removed from Debug\stm8s_tim3.o ***
_TIM3_GetFlagStatus                 ********   *** removed from Debug\stm8s_tim3.o ***
_TIM3_GetITStatus                   ********   *** removed from Debug\stm8s_tim3.o ***
_TIM3_GetPrescaler                  ********   *** removed from Debug\stm8s_tim3.o ***
_TIM3_ICInit                        ********   *** removed from Debug\stm8s_tim3.o ***
_TIM3_ITConfig                      ********   *** removed from Debug\stm8s_tim3.o ***
_TIM3_OC1Init                       ********   *** removed from Debug\stm8s_tim3.o ***
_TIM3_OC1PolarityConfig             ********   *** removed from Debug\stm8s_tim3.o ***
_TIM3_OC1PreloadConfig              ********   *** removed from Debug\stm8s_tim3.o ***
_TIM3_OC2Init                       ********   *** removed from Debug\stm8s_tim3.o ***
_TIM3_OC2PolarityConfig             ********   *** removed from Debug\stm8s_tim3.o ***
_TIM3_OC2PreloadConfig              ********   *** removed from Debug\stm8s_tim3.o ***
_TIM3_PWMIConfig                    ********   *** removed from Debug\stm8s_tim3.o ***
_TIM3_PrescalerConfig               ********   *** removed from Debug\stm8s_tim3.o ***
_TIM3_SelectOCxM                    ********   *** removed from Debug\stm8s_tim3.o ***
_TIM3_SelectOnePulseMode            ********   *** removed from Debug\stm8s_tim3.o ***
_TIM3_SetAutoreload                 ********   *** removed from Debug\stm8s_tim3.o ***
_TIM3_SetCompare1                   ********   *** removed from Debug\stm8s_tim3.o ***
_TIM3_SetCompare2                   ********   *** removed from Debug\stm8s_tim3.o ***
_TIM3_SetCounter                    ********   *** removed from Debug\stm8s_tim3.o ***
_TIM3_SetIC1Prescaler               ********   *** removed from Debug\stm8s_tim3.o ***
_TIM3_SetIC2Prescaler               ********   *** removed from Debug\stm8s_tim3.o ***
_TIM3_TimeBaseInit                  ********   *** removed from Debug\stm8s_tim3.o ***
_TIM3_UpdateDisableConfig           ********   *** removed from Debug\stm8s_tim3.o ***
_TIM3_UpdateRequestConfig           ********   *** removed from Debug\stm8s_tim3.o ***
_TIM4_ARRPreloadConfig              000094a0   defined in Debug\stm8s_tim4.o section .text
_TIM4_ClearFlag                     00009526   defined in Debug\stm8s_tim4.o section .text
                                               used in Debug\milis.o
_TIM4_ClearITPendingBit             00009582   defined in Debug\stm8s_tim4.o section .text
_TIM4_Cmd                           0000933b   defined in Debug\stm8s_tim4.o section .text
                                               used in Debug\milis.o
_TIM4_DeInit                        000092db   defined in Debug\stm8s_tim4.o section .text
_TIM4_GenerateEvent                 000094cb   defined in Debug\stm8s_tim4.o section .text
_TIM4_GetCounter                    000094f2   defined in Debug\stm8s_tim4.o section .text
_TIM4_GetFlagStatus                 000094fa   defined in Debug\stm8s_tim4.o section .text
_TIM4_GetITStatus                   00009546   defined in Debug\stm8s_tim4.o section .text
_TIM4_GetPrescaler                  000094f6   defined in Debug\stm8s_tim4.o section .text
_TIM4_ITConfig                      00009366   defined in Debug\stm8s_tim4.o section .text
                                               used in Debug\milis.o
_TIM4_PrescalerConfig               00009436   defined in Debug\stm8s_tim4.o section .text
_TIM4_SelectOnePulseMode            0000940b   defined in Debug\stm8s_tim4.o section .text
_TIM4_SetAutoreload                 000094ee   defined in Debug\stm8s_tim4.o section .text
_TIM4_SetCounter                    000094ea   defined in Debug\stm8s_tim4.o section .text
_TIM4_TimeBaseInit                  000092f4   defined in Debug\stm8s_tim4.o section .text
                                               used in Debug\milis.o
_TIM4_UpdateDisableConfig           000093b5   defined in Debug\stm8s_tim4.o section .text
_TIM4_UpdateRequestConfig           000093e0   defined in Debug\stm8s_tim4.o section .text
_UART1_ClearFlag                    ********   *** removed from Debug\stm8s_uart1.o ***
_UART1_ClearITPendingBit            ********   *** removed from Debug\stm8s_uart1.o ***
_UART1_Cmd                          ********   *** removed from Debug\stm8s_uart1.o ***
_UART1_DeInit                       ********   *** removed from Debug\stm8s_uart1.o ***
_UART1_GetFlagStatus                ********   *** removed from Debug\stm8s_uart1.o ***
_UART1_GetITStatus                  ********   *** removed from Debug\stm8s_uart1.o ***
_UART1_HalfDuplexCmd                ********   *** removed from Debug\stm8s_uart1.o ***
_UART1_ITConfig                     ********   *** removed from Debug\stm8s_uart1.o ***
_UART1_Init                         ********   *** removed from Debug\stm8s_uart1.o ***
_UART1_IrDACmd                      ********   *** removed from Debug\stm8s_uart1.o ***
_UART1_IrDAConfig                   ********   *** removed from Debug\stm8s_uart1.o ***
_UART1_LINBreakDetectionConfig      ********   *** removed from Debug\stm8s_uart1.o ***
_UART1_LINCmd                       ********   *** removed from Debug\stm8s_uart1.o ***
_UART1_ReceiveData8                 ********   *** removed from Debug\stm8s_uart1.o ***
_UART1_ReceiveData9                 ********   *** removed from Debug\stm8s_uart1.o ***
_UART1_ReceiverWakeUpCmd            ********   *** removed from Debug\stm8s_uart1.o ***
_UART1_SendBreak                    ********   *** removed from Debug\stm8s_uart1.o ***
_UART1_SendData8                    ********   *** removed from Debug\stm8s_uart1.o ***
_UART1_SendData9                    ********   *** removed from Debug\stm8s_uart1.o ***
_UART1_SetAddress                   ********   *** removed from Debug\stm8s_uart1.o ***
_UART1_SetGuardTime                 ********   *** removed from Debug\stm8s_uart1.o ***
_UART1_SetPrescaler                 ********   *** removed from Debug\stm8s_uart1.o ***
_UART1_SmartCardCmd                 ********   *** removed from Debug\stm8s_uart1.o ***
_UART1_SmartCardNACKCmd             ********   *** removed from Debug\stm8s_uart1.o ***
_UART1_WakeUpConfig                 ********   *** removed from Debug\stm8s_uart1.o ***
_UART3_ClearFlag                    ********   *** removed from Debug\stm8s_uart3.o ***
_UART3_ClearITPendingBit            ********   *** removed from Debug\stm8s_uart3.o ***
_UART3_Cmd                          ********   *** removed from Debug\stm8s_uart3.o ***
_UART3_DeInit                       ********   *** removed from Debug\stm8s_uart3.o ***
_UART3_GetFlagStatus                ********   *** removed from Debug\stm8s_uart3.o ***
_UART3_GetITStatus                  ********   *** removed from Debug\stm8s_uart3.o ***
_UART3_ITConfig                     ********   *** removed from Debug\stm8s_uart3.o ***
_UART3_Init                         ********   *** removed from Debug\stm8s_uart3.o ***
_UART3_LINBreakDetectionConfig      ********   *** removed from Debug\stm8s_uart3.o ***
_UART3_LINCmd                       ********   *** removed from Debug\stm8s_uart3.o ***
_UART3_LINConfig                    ********   *** removed from Debug\stm8s_uart3.o ***
_UART3_ReceiveData8                 ********   *** removed from Debug\stm8s_uart3.o ***
_UART3_ReceiveData9                 ********   *** removed from Debug\stm8s_uart3.o ***
_UART3_ReceiverWakeUpCmd            ********   *** removed from Debug\stm8s_uart3.o ***
_UART3_SendBreak                    ********   *** removed from Debug\stm8s_uart3.o ***
_UART3_SendData8                    ********   *** removed from Debug\stm8s_uart3.o ***
_UART3_SendData9                    ********   *** removed from Debug\stm8s_uart3.o ***
_UART3_SetAddress                   ********   *** removed from Debug\stm8s_uart3.o ***
_UART3_WakeUpConfig                 ********   *** removed from Debug\stm8s_uart3.o ***
_WWDG_GetCounter                    ********   *** removed from Debug\stm8s_wwdg.o ***
_WWDG_Init                          ********   *** removed from Debug\stm8s_wwdg.o ***
_WWDG_SWReset                       ********   *** removed from Debug\stm8s_wwdg.o ***
_WWDG_SetCounter                    ********   *** removed from Debug\stm8s_wwdg.o ***
_WWDG_SetWindowValue                ********   *** removed from Debug\stm8s_wwdg.o ***
__DLC                               ********   *** removed from Debug\stm8s_can.o ***
__Data                              ********   *** removed from Debug\stm8s_can.o ***
__FMI                               ********   *** removed from Debug\stm8s_can.o ***
__IDE                               ********   *** removed from Debug\stm8s_can.o ***
__Id                                ********   *** removed from Debug\stm8s_can.o ***
__RTR                               ********   *** removed from Debug\stm8s_can.o ***
__endmem                            000013ff   defined in command file
                                               *** not used ***
__endzp                             00000016   defined in command file section .ubsct
                                               used in C:\Program Files (x86)\COSMIC\FSE_Compilers\CXSTM8\lib\crtsi0.sm8
__idesc__                           000081aa   defined in linker section .init
                                               used in C:\Program Files (x86)\COSMIC\FSE_Compilers\CXSTM8\lib\crtsi0.sm8
__itob                              00009b10   defined in (C:\Program Files (x86)\COSMIC\FSE_Compilers\CXSTM8\lib\libis0.sm8)itob.o section .text
                                               used in (C:\Program Files (x86)\COSMIC\FSE_Compilers\CXSTM8\lib\libis0.sm8)cprint.o
__ltob                              00009b8a   defined in (C:\Program Files (x86)\COSMIC\FSE_Compilers\CXSTM8\lib\libis0.sm8)itob.o section .text
                                               used in (C:\Program Files (x86)\COSMIC\FSE_Compilers\CXSTM8\lib\libis0.sm8)cprint.o
__memory                            00000100   defined in command file section .bss
                                               used in C:\Program Files (x86)\COSMIC\FSE_Compilers\CXSTM8\lib\crtsi0.sm8
__print                             000096ad   defined in (C:\Program Files (x86)\COSMIC\FSE_Compilers\CXSTM8\lib\libis0.sm8)cprint.o section .text
                                               used in (C:\Program Files (x86)\COSMIC\FSE_Compilers\CXSTM8\lib\libis0.sm8)sprnt.o
__stack                             000017ff   defined in command file
                                               used in C:\Program Files (x86)\COSMIC\FSE_Compilers\CXSTM8\lib\crtsi0.sm8
__startmem                          00000100   defined in command file section .bss
                                               *** not used ***
__stext                             000081be   defined in C:\Program Files (x86)\COSMIC\FSE_Compilers\CXSTM8\lib\crtsi0.sm8 section .text
                                               used in Debug\stm8_interrupt_vector.o
__udiv                              00009c20   defined in (C:\Program Files (x86)\COSMIC\FSE_Compilers\CXSTM8\lib\libis0.sm8)idiv0.o section .text
                                               used in (C:\Program Files (x86)\COSMIC\FSE_Compilers\CXSTM8\lib\libis0.sm8)itob.o
__uldiv                             00009c2b   defined in (C:\Program Files (x86)\COSMIC\FSE_Compilers\CXSTM8\lib\libis0.sm8)ildiv0.o section .text
                                               used in (C:\Program Files (x86)\COSMIC\FSE_Compilers\CXSTM8\lib\libis0.sm8)itob.o
__vectab                            00008000   defined in Debug\stm8_interrupt_vector.o section .const
_assert_failed                      00008455   defined in Debug\main.o section .text
                                               used in Debug\stm8s_adc2.o
                                                       Debug\stm8s_awu.o
                                                       Debug\stm8s_beep.o
                                                       Debug\stm8s_can.o
                                                       Debug\stm8s_clk.o
                                                       Debug\stm8s_exti.o
                                                       Debug\stm8s_flash.o
                                                       Debug\stm8s_gpio.o
                                                       Debug\stm8s_i2c.o
                                                       Debug\stm8s_itc.o
                                                       Debug\stm8s_iwdg.o
                                                       Debug\stm8s_rst.o
                                                       Debug\stm8s_spi.o
                                                       Debug\stm8s_tim1.o
                                                       Debug\stm8s_tim2.o
                                                       Debug\stm8s_tim3.o
                                                       Debug\stm8s_tim4.o
                                                       Debug\stm8s_uart1.o
                                                       Debug\stm8s_uart3.o
                                                       Debug\stm8s_wwdg.o
_check_ncoder                       0000828f   defined in Debug\main.o section .text
_cisloB                             00000006   defined in Debug\main.o section .bsct, initialized
_delay_ms                           0000846d   defined in Debug\milis.o section .text
                                               used in Debug\main.o
_exit                               0000820c   defined in C:\Program Files (x86)\COSMIC\FSE_Compilers\CXSTM8\lib\crtsi0.sm8 section .text
_hodiny                             00000000   defined in Debug\main.o section .bsct, initialized
_init_milis                         00008489   defined in Debug\milis.o section .text
                                               used in Debug\main.o
_lcd_bus_inputs                     000085f7   defined in Debug\stm8_hd44780.o section .text
_lcd_bus_outputs                    000085ca   defined in Debug\stm8_hd44780.o section .text
_lcd_bus_read                       000086db   defined in Debug\stm8_hd44780.o section .text
_lcd_bus_set                        00008672   defined in Debug\stm8_hd44780.o section .text
_lcd_bus_sleep                      0000882a   defined in Debug\stm8_hd44780.o section .text
_lcd_bus_wakeup                     00008840   defined in Debug\stm8_hd44780.o section .text
_lcd_busy_wait                      00008871   defined in Debug\stm8_hd44780.o section .text
_lcd_command                        00008752   defined in Debug\stm8_hd44780.o section .text
_lcd_data                           0000877c   defined in Debug\stm8_hd44780.o section .text
_lcd_deinit_hw                      00008624   defined in Debug\stm8_hd44780.o section .text
_lcd_e_tick                         0000872f   defined in Debug\stm8_hd44780.o section .text
_lcd_gotoxy                         00008577   defined in Debug\stm8_hd44780.o section .text
                                               used in Debug\main.o
_lcd_init                           00008512   defined in Debug\stm8_hd44780.o section .text
                                               used in Debug\main.o
_lcd_init_hw                        000085a6   defined in Debug\stm8_hd44780.o section .text
_lcd_puts                           000084fb   defined in Debug\stm8_hd44780.o section .text
                                               used in Debug\main.o
_lcd_read                           000087a6   defined in Debug\stm8_hd44780.o section .text
_lcd_store_symbol                   000084d2   defined in Debug\stm8_hd44780.o section .text
_main                               000082e4   defined in Debug\main.o section .text
                                               used in C:\Program Files (x86)\COSMIC\FSE_Compilers\CXSTM8\lib\crtsi0.sm8
_milis                              00008457   defined in Debug\milis.o section .text
                                               used in Debug\main.o
_miliseconds                        0000000a   defined in Debug\milis.o section .bsct, initialized
_minuty                             00000002   defined in Debug\main.o section .bsct, initialized
_putchar                            00009c46   defined in (C:\Program Files (x86)\COSMIC\FSE_Compilers\CXSTM8\lib\libis0.sm8)putchr.o section .text
                                               used in (C:\Program Files (x86)\COSMIC\FSE_Compilers\CXSTM8\lib\libis0.sm8)cprint.o
_sekundy                            00000004   defined in Debug\main.o section .bsct, initialized
_setup                              0000820e   defined in Debug\main.o section .text
_sprintf                            000095a2   defined in (C:\Program Files (x86)\COSMIC\FSE_Compilers\CXSTM8\lib\libis0.sm8)sprnt.o section .text
                                               used in Debug\main.o
_strlen                             00009c49   defined in (C:\Program Files (x86)\COSMIC\FSE_Compilers\CXSTM8\lib\libis0.sm8)strlen0.o section .text
                                               used in (C:\Program Files (x86)\COSMIC\FSE_Compilers\CXSTM8\lib\libis0.sm8)cprint.o
_toupper                            00009c55   defined in (C:\Program Files (x86)\COSMIC\FSE_Compilers\CXSTM8\lib\libis0.sm8)toup0.o section .text
                                               used in (C:\Program Files (x86)\COSMIC\FSE_Compilers\CXSTM8\lib\libis0.sm8)cprint.o
c_bmulx                             00009c60   defined in (C:\Program Files (x86)\COSMIC\FSE_Compilers\CXSTM8\lib\libm0.sm8)bmulx.o section .text
                                               used in (C:\Program Files (x86)\COSMIC\FSE_Compilers\CXSTM8\lib\libis0.sm8)cprint.o
c_cmulx                             ********   *** removed from (C:\Program Files (x86)\COSMIC\FSE_Compilers\CXSTM8\lib\libm0.sm8)cmulx.o ***
c_divsl                             00009c6e   defined in (C:\Program Files (x86)\COSMIC\FSE_Compilers\CXSTM8\lib\libm0.sm8)ldiv.o section .text
                                               *** not used ***
c_divul                             00009c85   defined in (C:\Program Files (x86)\COSMIC\FSE_Compilers\CXSTM8\lib\libm0.sm8)ldiv.o section .text
                                               used in (C:\Program Files (x86)\COSMIC\FSE_Compilers\CXSTM8\lib\libis0.sm8)ildiv0.o
                                                       (C:\Program Files (x86)\COSMIC\FSE_Compilers\CXSTM8\lib\libm0.sm8)ludiv.o
c_imul                              ********   *** removed from (C:\Program Files (x86)\COSMIC\FSE_Compilers\CXSTM8\lib\libm0.sm8)imul.o ***
c_ladd                              ********   *** removed from (C:\Program Files (x86)\COSMIC\FSE_Compilers\CXSTM8\lib\libm0.sm8)ladd.o ***
c_lcmp                              00009d59   defined in (C:\Program Files (x86)\COSMIC\FSE_Compilers\CXSTM8\lib\libm0.sm8)lcmp.o section .text
                                               used in Debug\main.o
                                                       Debug\stm8s_awu.o
                                                       Debug\stm8s_beep.o
                                                       Debug\stm8s_can.o
                                                       Debug\stm8s_flash.o
                                                       Debug\stm8s_i2c.o
                                                       Debug\stm8s_uart1.o
                                                       Debug\stm8s_uart3.o
c_lgadd                             ********   *** removed from (C:\Program Files (x86)\COSMIC\FSE_Compilers\CXSTM8\lib\libm0.sm8)lgadd.o ***
c_lgneg                             00009d79   defined in (C:\Program Files (x86)\COSMIC\FSE_Compilers\CXSTM8\lib\libm0.sm8)lgneg.o section .text
                                               used in (C:\Program Files (x86)\COSMIC\FSE_Compilers\CXSTM8\lib\libm0.sm8)ldiv.o
c_lgursh                            ********   *** removed from (C:\Program Files (x86)\COSMIC\FSE_Compilers\CXSTM8\lib\libm0.sm8)lgursh.o ***
c_llsh                              ********   *** removed from (C:\Program Files (x86)\COSMIC\FSE_Compilers\CXSTM8\lib\libm0.sm8)llsh.o ***
c_lmul                              ********   *** removed from (C:\Program Files (x86)\COSMIC\FSE_Compilers\CXSTM8\lib\libm0.sm8)lmul.o ***
c_lmulc                             ********   *** removed from (C:\Program Files (x86)\COSMIC\FSE_Compilers\CXSTM8\lib\libm0.sm8)lmul.o ***
c_lneg                              00009d8c   defined in (C:\Program Files (x86)\COSMIC\FSE_Compilers\CXSTM8\lib\libm0.sm8)lneg.o section .text
                                               used in (C:\Program Files (x86)\COSMIC\FSE_Compilers\CXSTM8\lib\libis0.sm8)itob.o
                                                       (C:\Program Files (x86)\COSMIC\FSE_Compilers\CXSTM8\lib\libm0.sm8)ldiv.o
c_lor                               ********   *** removed from (C:\Program Files (x86)\COSMIC\FSE_Compilers\CXSTM8\lib\libm0.sm8)lor.o ***
c_lreg                              0000000c   defined in (C:\Program Files (x86)\COSMIC\FSE_Compilers\CXSTM8\lib\libm0.sm8)lreg.o section .ubsct
                                               used in Debug\stm8s_awu.o
                                                       Debug\stm8s_beep.o
                                                       Debug\stm8s_can.o
                                                       Debug\stm8s_clk.o
                                                       Debug\stm8s_flash.o
                                                       Debug\stm8s_i2c.o
                                                       Debug\stm8s_uart1.o
                                                       Debug\stm8s_uart3.o
                                                       (C:\Program Files (x86)\COSMIC\FSE_Compilers\CXSTM8\lib\libis0.sm8)cprint.o
                                                       (C:\Program Files (x86)\COSMIC\FSE_Compilers\CXSTM8\lib\libm0.sm8)cmulx.o
                                                       (C:\Program Files (x86)\COSMIC\FSE_Compilers\CXSTM8\lib\libm0.sm8)ldiv.o
                                                       (C:\Program Files (x86)\COSMIC\FSE_Compilers\CXSTM8\lib\libm0.sm8)ladd.o
                                                       (C:\Program Files (x86)\COSMIC\FSE_Compilers\CXSTM8\lib\libm0.sm8)lcmp.o
                                                       (C:\Program Files (x86)\COSMIC\FSE_Compilers\CXSTM8\lib\libm0.sm8)lgadd.o
                                                       (C:\Program Files (x86)\COSMIC\FSE_Compilers\CXSTM8\lib\libm0.sm8)llsh.o
                                                       (C:\Program Files (x86)\COSMIC\FSE_Compilers\CXSTM8\lib\libm0.sm8)lmul.o
                                                       (C:\Program Files (x86)\COSMIC\FSE_Compilers\CXSTM8\lib\libm0.sm8)lneg.o
                                                       (C:\Program Files (x86)\COSMIC\FSE_Compilers\CXSTM8\lib\libm0.sm8)lor.o
                                                       (C:\Program Files (x86)\COSMIC\FSE_Compilers\CXSTM8\lib\libm0.sm8)lsub.o
                                                       (C:\Program Files (x86)\COSMIC\FSE_Compilers\CXSTM8\lib\libm0.sm8)ltor.o
                                                       (C:\Program Files (x86)\COSMIC\FSE_Compilers\CXSTM8\lib\libm0.sm8)lursh.o
                                                       (C:\Program Files (x86)\COSMIC\FSE_Compilers\CXSTM8\lib\libm0.sm8)rtol.o
                                                       (C:\Program Files (x86)\COSMIC\FSE_Compilers\CXSTM8\lib\libm0.sm8)smul.o
                                                       (C:\Program Files (x86)\COSMIC\FSE_Compilers\CXSTM8\lib\libm0.sm8)utol.o
                                                       (C:\Program Files (x86)\COSMIC\FSE_Compilers\CXSTM8\lib\libm0.sm8)utolx.o
                                                       (C:\Program Files (x86)\COSMIC\FSE_Compilers\CXSTM8\lib\libm0.sm8)umul.o
c_lsub                              00009da1   defined in (C:\Program Files (x86)\COSMIC\FSE_Compilers\CXSTM8\lib\libm0.sm8)lsub.o section .text
                                               used in Debug\main.o
                                                       Debug\stm8s_uart1.o
                                                       Debug\stm8s_uart3.o
c_ltor                              00009db9   defined in (C:\Program Files (x86)\COSMIC\FSE_Compilers\CXSTM8\lib\libm0.sm8)ltor.o section .text
                                               used in Debug\stm8s_awu.o
                                                       Debug\stm8s_beep.o
                                                       Debug\stm8s_can.o
                                                       Debug\stm8s_clk.o
                                                       Debug\stm8s_flash.o
                                                       Debug\stm8s_i2c.o
                                                       Debug\stm8s_uart1.o
                                                       Debug\stm8s_uart3.o
                                                       (C:\Program Files (x86)\COSMIC\FSE_Compilers\CXSTM8\lib\libis0.sm8)itob.o
                                                       (C:\Program Files (x86)\COSMIC\FSE_Compilers\CXSTM8\lib\libis0.sm8)ildiv0.o
c_ludv                              00009dcb   defined in (C:\Program Files (x86)\COSMIC\FSE_Compilers\CXSTM8\lib\libm0.sm8)ludiv.o section .text
                                               used in Debug\stm8s_awu.o
                                                       Debug\stm8s_beep.o
                                                       Debug\stm8s_clk.o
                                                       Debug\stm8s_i2c.o
                                                       Debug\stm8s_uart1.o
                                                       Debug\stm8s_uart3.o
c_lursh                             ********   *** removed from (C:\Program Files (x86)\COSMIC\FSE_Compilers\CXSTM8\lib\libm0.sm8)lursh.o ***
c_lzmp                              00009ddf   defined in (C:\Program Files (x86)\COSMIC\FSE_Compilers\CXSTM8\lib\libm0.sm8)lzmp.o section .text
                                               used in Debug\stm8s_i2c.o
                                                       (C:\Program Files (x86)\COSMIC\FSE_Compilers\CXSTM8\lib\libis0.sm8)itob.o
c_rtol                              00009df2   defined in (C:\Program Files (x86)\COSMIC\FSE_Compilers\CXSTM8\lib\libm0.sm8)rtol.o section .text
                                               used in Debug\main.o
                                                       Debug\stm8s_can.o
                                                       Debug\stm8s_clk.o
                                                       Debug\stm8s_flash.o
                                                       Debug\stm8s_i2c.o
                                                       Debug\stm8s_uart1.o
                                                       Debug\stm8s_uart3.o
                                                       (C:\Program Files (x86)\COSMIC\FSE_Compilers\CXSTM8\lib\libis0.sm8)cprint.o
                                                       (C:\Program Files (x86)\COSMIC\FSE_Compilers\CXSTM8\lib\libis0.sm8)itob.o
                                                       (C:\Program Files (x86)\COSMIC\FSE_Compilers\CXSTM8\lib\libis0.sm8)ildiv0.o
c_sdivx                             ********   *** removed from (C:\Program Files (x86)\COSMIC\FSE_Compilers\CXSTM8\lib\libm0.sm8)sdivx.o ***
c_smodx                             ********   *** removed from (C:\Program Files (x86)\COSMIC\FSE_Compilers\CXSTM8\lib\libm0.sm8)sdivx.o ***
c_smul                              ********   *** removed from (C:\Program Files (x86)\COSMIC\FSE_Compilers\CXSTM8\lib\libm0.sm8)smul.o ***
c_uitol                             ********   *** removed from (C:\Program Files (x86)\COSMIC\FSE_Compilers\CXSTM8\lib\libm0.sm8)utol.o ***
c_uitolx                            00009e04   defined in (C:\Program Files (x86)\COSMIC\FSE_Compilers\CXSTM8\lib\libm0.sm8)utolx.o section .text
                                               used in Debug\main.o
                                                       Debug\stm8s_can.o
c_umul                              ********   *** removed from (C:\Program Files (x86)\COSMIC\FSE_Compilers\CXSTM8\lib\libm0.sm8)umul.o ***
c_x                                 00000010   defined in (C:\Program Files (x86)\COSMIC\FSE_Compilers\CXSTM8\lib\libm0.sm8)xreg.o section .ubsct
                                               used in C:\Program Files (x86)\COSMIC\FSE_Compilers\CXSTM8\lib\crtsi0.sm8
                                                       Debug\milis.o
                                                       Debug\stm8s_awu.o
                                                       Debug\stm8s_beep.o
                                                       Debug\stm8s_flash.o
                                                       (C:\Program Files (x86)\COSMIC\FSE_Compilers\CXSTM8\lib\libis0.sm8)strlen0.o
                                                       (C:\Program Files (x86)\COSMIC\FSE_Compilers\CXSTM8\lib\libm0.sm8)bmulx.o
                                                       (C:\Program Files (x86)\COSMIC\FSE_Compilers\CXSTM8\lib\libm0.sm8)ldiv.o
                                                       (C:\Program Files (x86)\COSMIC\FSE_Compilers\CXSTM8\lib\libm0.sm8)imul.o
                                                       (C:\Program Files (x86)\COSMIC\FSE_Compilers\CXSTM8\lib\libm0.sm8)lmul.o
                                                       (C:\Program Files (x86)\COSMIC\FSE_Compilers\CXSTM8\lib\libm0.sm8)sdivx.o
                                                       (C:\Program Files (x86)\COSMIC\FSE_Compilers\CXSTM8\lib\libm0.sm8)umul.o
c_y                                 00000013   defined in (C:\Program Files (x86)\COSMIC\FSE_Compilers\CXSTM8\lib\libm0.sm8)yreg.o section .ubsct
                                               used in C:\Program Files (x86)\COSMIC\FSE_Compilers\CXSTM8\lib\crtsi0.sm8
                                                       Debug\milis.o
                                                       (C:\Program Files (x86)\COSMIC\FSE_Compilers\CXSTM8\lib\libm0.sm8)umul.o
f_ADC2_IRQHandler                   00009110   defined in Debug\stm8s_it.o section .text
                                               used in Debug\stm8_interrupt_vector.o
f_AWU_IRQHandler                    000090fb   defined in Debug\stm8s_it.o section .text
                                               used in Debug\stm8_interrupt_vector.o
f_CAN_RX_IRQHandler                 00009102   defined in Debug\stm8s_it.o section .text
                                               used in Debug\stm8_interrupt_vector.o
f_CAN_TX_IRQHandler                 00009103   defined in Debug\stm8s_it.o section .text
                                               used in Debug\stm8_interrupt_vector.o
f_CLK_IRQHandler                    000090fc   defined in Debug\stm8s_it.o section .text
                                               used in Debug\stm8_interrupt_vector.o
f_EEPROM_EEC_IRQHandler             00009111   defined in Debug\stm8s_it.o section .text
                                               used in Debug\stm8_interrupt_vector.o
f_EXTI_PORTA_IRQHandler             000090fd   defined in Debug\stm8s_it.o section .text
                                               used in Debug\stm8_interrupt_vector.o
f_EXTI_PORTB_IRQHandler             000090fe   defined in Debug\stm8s_it.o section .text
                                               used in Debug\stm8_interrupt_vector.o
f_EXTI_PORTC_IRQHandler             000090ff   defined in Debug\stm8s_it.o section .text
                                               used in Debug\stm8_interrupt_vector.o
f_EXTI_PORTD_IRQHandler             00009100   defined in Debug\stm8s_it.o section .text
                                               used in Debug\stm8_interrupt_vector.o
f_EXTI_PORTE_IRQHandler             00009101   defined in Debug\stm8s_it.o section .text
                                               used in Debug\stm8_interrupt_vector.o
f_I2C_IRQHandler                    0000910d   defined in Debug\stm8s_it.o section .text
                                               used in Debug\stm8_interrupt_vector.o
f_NonHandledInterrupt               000090f8   defined in Debug\stm8s_it.o section .text
                                               used in Debug\stm8_interrupt_vector.o
f_SPI_IRQHandler                    00009104   defined in Debug\stm8s_it.o section .text
                                               used in Debug\stm8_interrupt_vector.o
f_TIM1_CAP_COM_IRQHandler           00009106   defined in Debug\stm8s_it.o section .text
                                               used in Debug\stm8_interrupt_vector.o
f_TIM1_UPD_OVF_TRG_BRK_IRQHandler   00009105   defined in Debug\stm8s_it.o section .text
                                               used in Debug\stm8_interrupt_vector.o
f_TIM2_CAP_COM_IRQHandler           00009108   defined in Debug\stm8s_it.o section .text
                                               used in Debug\stm8_interrupt_vector.o
f_TIM2_UPD_OVF_BRK_IRQHandler       00009107   defined in Debug\stm8s_it.o section .text
                                               used in Debug\stm8_interrupt_vector.o
f_TIM3_CAP_COM_IRQHandler           0000910a   defined in Debug\stm8s_it.o section .text
                                               used in Debug\stm8_interrupt_vector.o
f_TIM3_UPD_OVF_BRK_IRQHandler       00009109   defined in Debug\stm8s_it.o section .text
                                               used in Debug\stm8_interrupt_vector.o
f_TIM4_UPD_OVF_IRQHandler           000084a7   defined in Debug\milis.o section .text
                                               used in Debug\stm8_interrupt_vector.o
f_TLI_IRQHandler                    000090fa   defined in Debug\stm8s_it.o section .text
                                               used in Debug\stm8_interrupt_vector.o
f_TRAP_IRQHandler                   000090f9   defined in Debug\stm8s_it.o section .text
                                               used in Debug\stm8_interrupt_vector.o
f_UART1_RX_IRQHandler               0000910c   defined in Debug\stm8s_it.o section .text
                                               used in Debug\stm8_interrupt_vector.o
f_UART1_TX_IRQHandler               0000910b   defined in Debug\stm8s_it.o section .text
                                               used in Debug\stm8_interrupt_vector.o
f_UART3_RX_IRQHandler               0000910f   defined in Debug\stm8s_it.o section .text
                                               used in Debug\stm8_interrupt_vector.o
f_UART3_TX_IRQHandler               0000910e   defined in Debug\stm8s_it.o section .text
                                               used in Debug\stm8_interrupt_vector.o
